./archive/dvb-apps.xml : différence du nombre de balises (fr-en)= -471
./multimedia/videoutils/xine-ui.xml : différence du nombre de balises (fr-en)= -5
./multimedia/libdriv/gstreamer10.xml : différence du nombre de balises (fr-en)= 1
./multimedia/libdriv/gst10-plugins-base.xml : différence du nombre de balises (fr-en)= -1
./gnome/applications/orca.xml : différence du nombre de balises (fr-en)= -4
./gnome/applications/eog.xml : différence du nombre de balises (fr-en)= -4
./gnome/applications/gnome-system-monitor.xml : différence du nombre de balises (fr-en)= -4
./gnome/applications/epiphany.xml : différence du nombre de balises (fr-en)= -4
./gnome/core/gnome-terminal.xml : différence du nombre de balises (fr-en)= -4
./x/installing/libXp.xml : différence du nombre de balises (fr-en)= 8
./stylesheets/lfs-xsl/lfs-l10n.xml : différence du nombre de balises (fr-en)= 11
./general/sysutils/hdparm.xml : différence du nombre de balises (fr-en)= -8
./general/sysutils/bluez.xml : différence du nombre de balises (fr-en)= 1
./general/genlib/libksba.xml : différence du nombre de balises (fr-en)= 15
./multimedia/libdriv/gst10-plugins-base.xml : différence du nombre de balises (fr-en)= -1
./multimedia/libdriv/gstreamer10.xml : différence du nombre de balises (fr-en)= 1
./postlfs/editors/nano.xml : différence du nombre de balises (fr-en)= -4
./general/prog/git.xml : différence du nombre de balises (fr-en)= -7
./general/prog/gdb.xml : différence du nombre de balises (fr-en)= -1
./general/genutils/apr-util.xml : différence du nombre de balises (fr-en)= 2
./general/sysutils/ibus.xml : différence du nombre de balises (fr-en)= 2
./networking/netutils/networkmanager.xml : différence du nombre de balises (fr-en)= 6
./xsoft/other/gparted.xml : différence du nombre de balises (fr-en)= -4
./gnome/core/libsecret.xml : différence du nombre de balises (fr-en)= -3
./server/databases/mysql.xml : différence du nombre de balises (fr-en)= -2
./x/installing/x7driver.xml : différence du nombre de balises (fr-en)= 38
./postlfs/editors/nano.xml : différence du nombre de balises (fr-en)= -4
./multimedia/libdriv/gstreamer10.xml : différence du nombre de balises (fr-en)= 1
./multimedia/libdriv/gst10-plugins-base.xml : différence du nombre de balises (fr-en)= -1
./xsoft/other/gparted.xml : différence du nombre de balises (fr-en)= -4
./server/major/apache.xml : différence du nombre de balises (fr-en)= 2
./general/genlib/libdrm.xml : différence du nombre de balises (fr-en)= 4
./general/prog/git.xml : différence du nombre de balises (fr-en)= -7
