./introduction/welcome/changelog.xml : différence du nombre de balises (fr-en)= -2
./introduction/important/building-notes.xml : différence du nombre de balises (fr-en)= -2
./xfce/apps/xfburn.xml : différence du nombre de balises (fr-en)= 153
./xfce/core/exo.xml : différence du nombre de balises (fr-en)= 208
./xfce/core/libxfce4ui.xml : différence du nombre de balises (fr-en)= 177
./xfce/core/tumbler.xml : différence du nombre de balises (fr-en)= 158
./networking/netlibs/libsoup.xml : différence du nombre de balises (fr-en)= 7
./networking/netprogs/ntp.xml : différence du nombre de balises (fr-en)= 1
./networking/netutils/wireshark.xml : différence du nombre de balises (fr-en)= -2
./postlfs/virtualization/qemu.xml : différence du nombre de balises (fr-en)= 2
./postlfs/security/gnupg2.xml : différence du nombre de balises (fr-en)= -15
./postlfs/security/openssh.xml : différence du nombre de balises (fr-en)= 2
./postlfs/security/openssl.xml : différence du nombre de balises (fr-en)= -1
./postlfs/security/gnutls.xml : différence du nombre de balises (fr-en)= -14
./multimedia/videoutils/xine-ui.xml : différence du nombre de balises (fr-en)= -1
./multimedia/videoutils/vlc.xml : différence du nombre de balises (fr-en)= 6
./multimedia/libdriv/libdv.xml : différence du nombre de balises (fr-en)= -1
./multimedia/libdriv/libdvdcss.xml : différence du nombre de balises (fr-en)= 1
./multimedia/libdriv/gstreamer10.xml : différence du nombre de balises (fr-en)= 1
./multimedia/libdriv/alsa-utils.xml : différence du nombre de balises (fr-en)= -4
./multimedia/libdriv/gst-plugins-good.xml : différence du nombre de balises (fr-en)= -4
./multimedia/libdriv/gst10-plugins-base.xml : différence du nombre de balises (fr-en)= -1
./xsoft/other/rox-filer.xml : différence du nombre de balises (fr-en)= -4
./xsoft/other/inkscape.xml : différence du nombre de balises (fr-en)= -2
./xsoft/other/blueman.xml : différence du nombre de balises (fr-en)= -4
./xsoft/other/ekiga.xml : différence du nombre de balises (fr-en)= -4
./xsoft/other/gparted.xml : différence du nombre de balises (fr-en)= -4
./xsoft/other/transmission.xml : différence du nombre de balises (fr-en)= -7
./xsoft/office/libreoffice.xml : différence du nombre de balises (fr-en)= -4
./kde/add/kdepim-runtime.xml : différence du nombre de balises (fr-en)= -2
./kde/add/kdepim.xml : différence du nombre de balises (fr-en)= -4
./kde/core/qimageblitz.xml : différence du nombre de balises (fr-en)= -1
./kde/core/kactivities.xml : différence du nombre de balises (fr-en)= -2
./kde/core/kdepimlibs.xml : différence du nombre de balises (fr-en)= 2
./kde/core/kde-workspace.xml : différence du nombre de balises (fr-en)= 1
./gnome/applications/file-roller.xml : différence du nombre de balises (fr-en)= -4
./gnome/applications/seahorse.xml : différence du nombre de balises (fr-en)= -5
./gnome/applications/eog.xml : différence du nombre de balises (fr-en)= -4
./gnome/applications/gnome-system-monitor.xml : différence du nombre de balises (fr-en)= -4
./gnome/applications/nautilus.xml : différence du nombre de balises (fr-en)= -1
./gnome/applications/gnome-nettool.xml : différence du nombre de balises (fr-en)= -4
./gnome/applications/gedit.xml : différence du nombre de balises (fr-en)= -6
./gnome/applications/cheese.xml : différence du nombre de balises (fr-en)= -2
./gnome/platform/polkit-gnome.xml : différence du nombre de balises (fr-en)= -4
./gnome/platform/gnome-icon-theme-symbolic.xml : différence du nombre de balises (fr-en)= -8
./gnome/platform/yelp-xsl.xml : différence du nombre de balises (fr-en)= -8
./gnome/platform/gnome-video-effects.xml : différence du nombre de balises (fr-en)= -8
./gnome/platform/libwnck.xml : différence du nombre de balises (fr-en)= 1
./gnome/platform/gnome-icon-theme.xml : différence du nombre de balises (fr-en)= -8
./gnome/platform/gsettings-desktop-schemas.xml : différence du nombre de balises (fr-en)= -8
./gnome/platform/libsecret.xml : différence du nombre de balises (fr-en)= -3
./gnome/platform/gnome-desktop.xml : différence du nombre de balises (fr-en)= 1
./gnome/platform/gtksourceview.xml : différence du nombre de balises (fr-en)= 1
./gnome/platform/totem-pl-parser.xml : différence du nombre de balises (fr-en)= -2
./gnome/platform/vte.xml : différence du nombre de balises (fr-en)= 1
./gnome/platform/gcr.xml : différence du nombre de balises (fr-en)= 2
./pst/printing/cups-filters.xml : différence du nombre de balises (fr-en)= 2
./server/other/openldap.xml : différence du nombre de balises (fr-en)= -8
./server/mail/sendmail.xml : différence du nombre de balises (fr-en)= -12
./server/major/apache.xml : différence du nombre de balises (fr-en)= 3
./x/installing/xcb-util-renderutil.xml : différence du nombre de balises (fr-en)= -8
./x/installing/util-macros.xml : différence du nombre de balises (fr-en)= 2
./x/installing/mesalib.xml : différence du nombre de balises (fr-en)= -5
./x/installing/x7driver.xml : différence du nombre de balises (fr-en)= 47
./x/lib/atk.xml : différence du nombre de balises (fr-en)= 4
./x/lib/at-spi2-atk.xml : différence du nombre de balises (fr-en)= 4
./x/lib/agg.xml : différence du nombre de balises (fr-en)= 4
./x/lib/goffice.xml : différence du nombre de balises (fr-en)= 4
./x/lib/libxklavier.xml : différence du nombre de balises (fr-en)= 4
./x/lib/gtk-engines.xml : différence du nombre de balises (fr-en)= 4
./x/lib/at-spi2-core.xml : différence du nombre de balises (fr-en)= 4
./x/lib/atkmm.xml : différence du nombre de balises (fr-en)= 4
./x/lib/gtkmm2.xml : différence du nombre de balises (fr-en)= 4
./x/lib/gtkmm3.xml : différence du nombre de balises (fr-en)= 4
./x/lib/cogl.xml : différence du nombre de balises (fr-en)= -5
./x/lib/clutter.xml : différence du nombre de balises (fr-en)= -9
./x/lib/cairomm.xml : différence du nombre de balises (fr-en)= 4
./x/lib/pangomm.xml : différence du nombre de balises (fr-en)= 4
./template/template.xml : différence du nombre de balises (fr-en)= -10
./general/sysutils/bluez.xml : différence du nombre de balises (fr-en)= 1
./general/sysutils/fcron.xml : différence du nombre de balises (fr-en)= -12
./general/sysutils/ibus.xml : différence du nombre de balises (fr-en)= 2
./general/genlib/libdbusmenuqt.xml : différence du nombre de balises (fr-en)= 1
./general/genlib/libksba.xml : différence du nombre de balises (fr-en)= 7
./general/genlib/libdrm.xml : différence du nombre de balises (fr-en)= 4
./general/prog/git.xml : différence du nombre de balises (fr-en)= -7
./general/prog/gdb.xml : différence du nombre de balises (fr-en)= -1
./general/prog/python2.xml : différence du nombre de balises (fr-en)= 2
./general/prog/python3.xml : différence du nombre de balises (fr-en)= 4
./general/prog/llvm.xml : différence du nombre de balises (fr-en)= -3
./general/prog/python-modules.xml : différence du nombre de balises (fr-en)= -4
./general/prog/gcc.xml : différence du nombre de balises (fr-en)= -84
./general/prog/openjdk.xml : différence du nombre de balises (fr-en)= 7
./general/prog/php.xml : différence du nombre de balises (fr-en)= -3
./general/prog/perl-modules.xml : différence du nombre de balises (fr-en)= 2
./general/graphlib/pixman.xml : différence du nombre de balises (fr-en)= 2
./general/genutils/apr-util.xml : différence du nombre de balises (fr-en)= 2
./general/genutils/pinentry.xml : différence du nombre de balises (fr-en)= 7
./general/genutils/gtk-doc.xml : différence du nombre de balises (fr-en)= 2
