./xsoft/office/libreoffice.xml : différence du nombre de balises (fr-en)= 2
./x/lib/atk.xml : différence du nombre de balises (fr-en)= 4
./x/lib/at-spi2-atk.xml : différence du nombre de balises (fr-en)= 4
./x/lib/agg.xml : différence du nombre de balises (fr-en)= 4
./x/lib/goffice.xml : différence du nombre de balises (fr-en)= 4
./x/lib/libxklavier.xml : différence du nombre de balises (fr-en)= 4
./x/lib/gtk-engines.xml : différence du nombre de balises (fr-en)= 4
./x/lib/at-spi2-core.xml : différence du nombre de balises (fr-en)= 4
./x/lib/atkmm.xml : différence du nombre de balises (fr-en)= 4
./x/lib/gtkmm2.xml : différence du nombre de balises (fr-en)= 4
./x/lib/gtkmm3.xml : différence du nombre de balises (fr-en)= 4
./x/lib/cairomm.xml : différence du nombre de balises (fr-en)= 4
./x/lib/pangomm.xml : différence du nombre de balises (fr-en)= 4
./general/sysutils/fcron.xml : différence du nombre de balises (fr-en)= -12
./general/prog/perl-modules.xml : différence du nombre de balises (fr-en)= 2
